// Jest Snapshot v1, https://goo.gl/fbAQLP

exports[`Missions component should render correctly 1`] = `
<div>
  <table
    className="mission-table"
  >
    <thead>
      <tr>
        <th>
          Mission
        </th>
        <th>
          Description
        </th>
        <th>
          Status
        </th>
        <th>
          Â 
        </th>
      </tr>
    </thead>
    <tbody />
  </table>
</div>
`;
