// Jest Snapshot v1, https://goo.gl/fbAQLP

exports[`Rockets component should render correctly 1`] = `
<div
  className="rocket-container"
/>
`;
